GAMS Rev 240  WEX-VS8 24.0.2 x86/MS Windows                                                                                                                                                                                            01/10/19 15:10:19 Page 1
M A G I C   Power Scheduling Problem   (MAGIC,SEQ=12)
C o m p i l a t i o n


   2   
       
      A number of power stations are committed to meet demand for a particular
      day. three types of generators having different operating characteristics
      are available.  Generating units can be shut down or operate between
      minimum and maximum output levels.  Units can be started up or closed down
      in every demand block.
       
       
      Garver, L L, Power Scheduling by Integer Programming,
      Tariff-Rates-Power-Generation-Problem, IEEE Trans. Power Apparatus
      and Systems, 81, 730-735, 1963
       
      Day, R E, and Williams, H P, MAGIC: The design and use of an interactive
      modeling language for mathematical programming. Tech. rep., Department
      Business Studies, University of Edinburgh, 1982.
       
      Williams, H P, Model Building in Mathematical Programming. John Wiley
      and Sons, 1978.
       
  24   
  27   
  28   
  29   Sets  t  demand blocks / 12pm-6am, 6am-9am, 9am-3pm, 3pm-6pm, 6pm-12pm /
  30         g  generators    / type-1, type-2, type-3 /
  31   
  32  Alias(g, g_);
  33   
  34   Parameters dem(t)  demand (1000MW)   / 12pm-6am  15, 6am-9am   30, 9am-3pm   25, 3pm-6pm  40, 6pm-12pm   27 /
  35              dur(t)  duration (hours)  / 12pm-6am   6, 6am-9am    3, 9am-3pm    6, 3pm-6pm    3, 6pm-12pm   6 /
  36   
  37   Set param / min-pow  '(1000MW)'
  38               max-pow  '(1000MW)'
  39               cost-min '(¤/h)'
  40               cost-inc '(¤/h/MW)'
  41               start    '(¤)'
  42               number   '(units)'
  43               inv-cost '¤/kW'
  44            /
  45   
  46   Parameter data(g, param)  generation data ;
  47   Parameter number(g) number of generators built;
  48   
  49  *******************************************************************************
       Table data(g,param)  generation data
       
               min-pow  max-pow  cost-min  cost-inc  start    number  inv-cost
       
       type-1    .85      2.0      1000       2.0     2000      12    1000
       type-2   1.25      1.75     2600       1.3     1000      10    1200
       type-3   1.5       4.0      3000       3.0      500       5    2000
      ;
       
GAMS Rev 240  WEX-VS8 24.0.2 x86/MS Windows                                                                                                                                                                                            01/10/19 15:10:19 Page 2
M A G I C   Power Scheduling Problem   (MAGIC,SEQ=12)
C o m p i l a t i o n


      $gdxout 'input/data.gdx'
      $unload data
      $gdxout
      $exit
  65  *******************************************************************************
  66   
GDXIN   C:\data\GIT\SPINETOOLBOX\tool_specifications\magic\input/data.gdx
--- LOAD  data = 1:data
  71   
  72   Parameters peak     peak power (1000MW)
  73              ener(t)  energy demand in load block (1000MWh)
  74              tener    total energy demanded (1000MWh)
  75              lf       load factor ;
  76   
  77   
  78   
  79    peak = smax(t, dem(t));  ener(t) = dur(t)*dem(t);  tener = sum(t, ener(t));  lf = tener/(peak*24);
  80    display peak, tener, lf, ener;
  81   
GAMS Rev 240  WEX-VS8 24.0.2 x86/MS Windows                                                                                                                                                                                            01/10/19 15:10:19 Page 3
M A G I C   Power Scheduling Problem   (MAGIC,SEQ=12)
C o m p i l a t i o n


  83   Variables  x(g,t)  generator output (1000MW)
  84              n(g,t)  number of generators in use
  85              s(g,t)  number of generators started up
  86              k(g)    number of generators built
  87              cost    total operating cost (¤)
  88   
  90   Positive Variable s;
  91   
  92   Equations pow(t)    demand for power (1000MW)
  93             res(t)    spinning reserve requirements (1000MW)
  94             st(g,t)   start-up definition
  95             minu(g,t) minimum generation level (1000MW)
  96             maxu(g,t) maximum generation level (1000MW)
  97             totcap(g,t) total generation capacity
  98             totcap2(g) distribute investments
  99             cdef      cost definition (¤);
 100   
 101   pow(t)..  sum(g, x(g,t)) =g= dem(t);
 102   
 103   res(t)..  sum(g, data(g,"max-pow")*n(g,t)) =g= 1.15*dem(t);
 104   
 105   st(g,t).. s(g,t) =g= n(g,t) - n(g,t--1);
 106   
 107   minu(g,t)..  x(g,t) =g= data(g,"min-pow")*n(g,t);
 108   
 109   maxu(g,t)..  x(g,t) =l= data(g,"max-pow")*n(g,t);
 110   
 111   totcap(g,t) .. n(g,t) =l= k(g);
 112   totcap2(g) ..  k(g) =l= 0.5 * sum(g_, k(g_));
 113   
 114   cdef.. cost =e= sum((g,t),
 115                      dur(t)*data(g,"cost-min")*n(g,t)
 116                      + data(g,"start")*s(g,t)
 117                      + 1000*dur(t)*data(g,"cost-inc")*(x(g,t)
 118                      - data(g,"min-pow")*n(g,t))
 119                   )
 121                   + sum(g, k(g) * 1000 * data(g, 'inv-cost'))
 123  ;
 124   
 126   
 127   
 128   Model william /
 129      pow
 130      res
 131      st
 132      minu
 133      maxu
 135      totcap
 136      totcap2
 138      cdef
 139  /;
 140   
 141  william.optcr = 0;
GAMS Rev 240  WEX-VS8 24.0.2 x86/MS Windows                                                                                                                                                                                            01/10/19 15:10:19 Page 4
M A G I C   Power Scheduling Problem   (MAGIC,SEQ=12)
C o m p i l a t i o n


 142   
 144   Solve william minimizing cost using lp;
 146   
 147   Parameter rep  summary report;
 148   
 149      rep(t,"demand")    =  dem(t);
 150      rep(t,"spinning")  =  sum(g, data(g,"max-pow")*n.l(g,t));
 151      rep(t,"start-ups") =  sum(g, s.l(g,t));
 152      rep(t,"m-cost")    = -pow.m(t)/dur(t)/1000;
 153   
 154   Display rep;
 155   
 156   execute_unload 'output/report.gdx', rep;
 157   
 159      number(g) = k.l(g);
 160      execute_unload 'output/investments.gdx', number;
 162   
 163  *execute_unload 'output/dump.gdx';
 164   
GAMS Rev 240  WEX-VS8 24.0.2 x86/MS Windows                                                                                                                                                                                            01/10/19 15:10:19 Page 5
M A G I C   Power Scheduling Problem   (MAGIC,SEQ=12)
Include File Summary


   SEQ   GLOBAL TYPE      PARENT   LOCAL  FILENAME

     1        1 INPUT          0       0  C:\data\GIT\SPINETOOLBOX\tool_specifications\magic\magic.gms
     2       67 GDXIN          1      68  C:\data\GIT\SPINETOOLBOX\tool_specifications\magic\input/data.gdx


COMPILATION TIME     =        0.000 SECONDS      3 Mb  WIN240-240 Feb 14, 2013
GAMS Rev 240  WEX-VS8 24.0.2 x86/MS Windows                                                                                                                                                                                            01/10/19 15:10:19 Page 6
M A G I C   Power Scheduling Problem   (MAGIC,SEQ=12)
E x e c u t i o n


----     80 PARAMETER peak                 =       40.000  peak power (1000MW)
            PARAMETER tener                =      612.000  total energy demanded (1000MWh)
            PARAMETER lf                   =        0.637  load factor

----     80 PARAMETER ener  energy demand in load block (1000MWh)

12pm-6am  90.000,    6am-9am   90.000,    9am-3pm  150.000,    3pm-6pm  120.000,    6pm-12pm 162.000

GAMS Rev 240  WEX-VS8 24.0.2 x86/MS Windows                                                                                                                                                                                            01/10/19 15:10:19 Page 7
M A G I C   Power Scheduling Problem   (MAGIC,SEQ=12)
Equation Listing    SOLVE william Using LP From line 144


---- pow  =G=  demand for power (1000MW)

pow(12pm-6am)..  x(type-1,12pm-6am) + x(type-2,12pm-6am) + x(type-3,12pm-6am) =G= 15 ; (LHS = 0, INFES = 15 ****)
     
pow(6am-9am)..  x(type-1,6am-9am) + x(type-2,6am-9am) + x(type-3,6am-9am) =G= 30 ; (LHS = 0, INFES = 30 ****)
     
pow(9am-3pm)..  x(type-1,9am-3pm) + x(type-2,9am-3pm) + x(type-3,9am-3pm) =G= 25 ; (LHS = 0, INFES = 25 ****)
     
REMAINING 2 ENTRIES SKIPPED


---- res  =G=  spinning reserve requirements (1000MW)

res(12pm-6am)..  2*n(type-1,12pm-6am) + 1.75*n(type-2,12pm-6am) + 4*n(type-3,12pm-6am) =G= 17.25 ; (LHS = 0, INFES = 17.25 ****)
     
res(6am-9am)..  2*n(type-1,6am-9am) + 1.75*n(type-2,6am-9am) + 4*n(type-3,6am-9am) =G= 34.5 ; (LHS = 0, INFES = 34.5 ****)
     
res(9am-3pm)..  2*n(type-1,9am-3pm) + 1.75*n(type-2,9am-3pm) + 4*n(type-3,9am-3pm) =G= 28.75 ; (LHS = 0, INFES = 28.75 ****)
     
REMAINING 2 ENTRIES SKIPPED


---- st  =G=  start-up definition

st(type-1,12pm-6am)..  - n(type-1,12pm-6am) + n(type-1,6pm-12pm) + s(type-1,12pm-6am) =G= 0 ; (LHS = 0)
     
st(type-1,6am-9am)..  n(type-1,12pm-6am) - n(type-1,6am-9am) + s(type-1,6am-9am) =G= 0 ; (LHS = 0)
     
st(type-1,9am-3pm)..  n(type-1,6am-9am) - n(type-1,9am-3pm) + s(type-1,9am-3pm) =G= 0 ; (LHS = 0)
     
REMAINING 12 ENTRIES SKIPPED


---- minu  =G=  minimum generation level (1000MW)

minu(type-1,12pm-6am)..  x(type-1,12pm-6am) - 0.85*n(type-1,12pm-6am) =G= 0 ; (LHS = 0)
     
minu(type-1,6am-9am)..  x(type-1,6am-9am) - 0.85*n(type-1,6am-9am) =G= 0 ; (LHS = 0)
     
minu(type-1,9am-3pm)..  x(type-1,9am-3pm) - 0.85*n(type-1,9am-3pm) =G= 0 ; (LHS = 0)
     
REMAINING 12 ENTRIES SKIPPED


---- maxu  =L=  maximum generation level (1000MW)

maxu(type-1,12pm-6am)..  x(type-1,12pm-6am) - 2*n(type-1,12pm-6am) =L= 0 ; (LHS = 0)
     
maxu(type-1,6am-9am)..  x(type-1,6am-9am) - 2*n(type-1,6am-9am) =L= 0 ; (LHS = 0)
     
GAMS Rev 240  WEX-VS8 24.0.2 x86/MS Windows                                                                                                                                                                                            01/10/19 15:10:19 Page 8
M A G I C   Power Scheduling Problem   (MAGIC,SEQ=12)
Equation Listing    SOLVE william Using LP From line 144


     maxu  =L=  maximum generation level (1000MW)

maxu(type-1,9am-3pm)..  x(type-1,9am-3pm) - 2*n(type-1,9am-3pm) =L= 0 ; (LHS = 0)
     
REMAINING 12 ENTRIES SKIPPED


---- totcap  =L=  total generation capacity

totcap(type-1,12pm-6am)..  n(type-1,12pm-6am) - k(type-1) =L= 0 ; (LHS = 0)
     
totcap(type-1,6am-9am)..  n(type-1,6am-9am) - k(type-1) =L= 0 ; (LHS = 0)
     
totcap(type-1,9am-3pm)..  n(type-1,9am-3pm) - k(type-1) =L= 0 ; (LHS = 0)
     
REMAINING 12 ENTRIES SKIPPED


---- totcap2  =L=  distribute investments

totcap2(type-1)..  0.5*k(type-1) - 0.5*k(type-2) - 0.5*k(type-3) =L= 0 ; (LHS = 0)
     
totcap2(type-2)..  - 0.5*k(type-1) + 0.5*k(type-2) - 0.5*k(type-3) =L= 0 ; (LHS = 0)
     
totcap2(type-3)..  - 0.5*k(type-1) - 0.5*k(type-2) + 0.5*k(type-3) =L= 0 ; (LHS = 0)
     

---- cdef  =E=  cost definition (¤)

cdef..  - 12000*x(type-1,12pm-6am) - 6000*x(type-1,6am-9am) - 12000*x(type-1,9am-3pm) - 6000*x(type-1,3pm-6pm) - 12000*x(type-1,6pm-12pm) - 7800*x(type-2,12pm-6am) - 3900*x(type-2,6am-9am) - 7800*x(type-2,9am-3pm) - 3900*x(type-2,3pm-6pm)
     
      - 7800*x(type-2,6pm-12pm) - 18000*x(type-3,12pm-6am) - 9000*x(type-3,6am-9am) - 18000*x(type-3,9am-3pm) - 9000*x(type-3,3pm-6pm) - 18000*x(type-3,6pm-12pm) + 4200*n(type-1,12pm-6am) + 2100*n(type-1,6am-9am) + 4200*n(type-1,9am-3pm)
     
      + 2100*n(type-1,3pm-6pm) + 4200*n(type-1,6pm-12pm) - 5850*n(type-2,12pm-6am) - 2925*n(type-2,6am-9am) - 5850*n(type-2,9am-3pm) - 2925*n(type-2,3pm-6pm) - 5850*n(type-2,6pm-12pm) + 9000*n(type-3,12pm-6am) + 4500*n(type-3,6am-9am)
     
      + 9000*n(type-3,9am-3pm) + 4500*n(type-3,3pm-6pm) + 9000*n(type-3,6pm-12pm) - 2000*s(type-1,12pm-6am) - 2000*s(type-1,6am-9am) - 2000*s(type-1,9am-3pm) - 2000*s(type-1,3pm-6pm) - 2000*s(type-1,6pm-12pm) - 1000*s(type-2,12pm-6am)
     
      - 1000*s(type-2,6am-9am) - 1000*s(type-2,9am-3pm) - 1000*s(type-2,3pm-6pm) - 1000*s(type-2,6pm-12pm) - 500*s(type-3,12pm-6am) - 500*s(type-3,6am-9am) - 500*s(type-3,9am-3pm) - 500*s(type-3,3pm-6pm) - 500*s(type-3,6pm-12pm) - 1000000*k(type-1)
     
      - 1200000*k(type-2) - 2000000*k(type-3) + cost =E= 0 ; (LHS = 0)
     
GAMS Rev 240  WEX-VS8 24.0.2 x86/MS Windows                                                                                                                                                                                            01/10/19 15:10:19 Page 9
M A G I C   Power Scheduling Problem   (MAGIC,SEQ=12)
Column Listing      SOLVE william Using LP From line 144


---- x  generator output (1000MW)

x(type-1,12pm-6am)
                (.LO, .L, .UP, .M = -INF, 0, +INF, 0)
        1       pow(12pm-6am)
        1       minu(type-1,12pm-6am)
        1       maxu(type-1,12pm-6am)
   -12000       cdef

x(type-1,6am-9am)
                (.LO, .L, .UP, .M = -INF, 0, +INF, 0)
        1       pow(6am-9am)
        1       minu(type-1,6am-9am)
        1       maxu(type-1,6am-9am)
    -6000       cdef

x(type-1,9am-3pm)
                (.LO, .L, .UP, .M = -INF, 0, +INF, 0)
        1       pow(9am-3pm)
        1       minu(type-1,9am-3pm)
        1       maxu(type-1,9am-3pm)
   -12000       cdef

REMAINING 12 ENTRIES SKIPPED

---- n  number of generators in use

n(type-1,12pm-6am)
                (.LO, .L, .UP, .M = -INF, 0, +INF, 0)
        2       res(12pm-6am)
       -1       st(type-1,12pm-6am)
        1       st(type-1,6am-9am)
       -0.85    minu(type-1,12pm-6am)
       -2       maxu(type-1,12pm-6am)
        1       totcap(type-1,12pm-6am)
     4200       cdef

n(type-1,6am-9am)
                (.LO, .L, .UP, .M = -INF, 0, +INF, 0)
        2       res(6am-9am)
       -1       st(type-1,6am-9am)
        1       st(type-1,9am-3pm)
       -0.85    minu(type-1,6am-9am)
       -2       maxu(type-1,6am-9am)
        1       totcap(type-1,6am-9am)
     2100       cdef

n(type-1,9am-3pm)
                (.LO, .L, .UP, .M = -INF, 0, +INF, 0)
        2       res(9am-3pm)
       -1       st(type-1,9am-3pm)
        1       st(type-1,3pm-6pm)
       -0.85    minu(type-1,9am-3pm)
GAMS Rev 240  WEX-VS8 24.0.2 x86/MS Windows                                                                                                                                                                                           01/10/19 15:10:19 Page 10
M A G I C   Power Scheduling Problem   (MAGIC,SEQ=12)
Column Listing      SOLVE william Using LP From line 144


     n  number of generators in use

       -2       maxu(type-1,9am-3pm)
        1       totcap(type-1,9am-3pm)
     4200       cdef

REMAINING 12 ENTRIES SKIPPED

---- s  number of generators started up

s(type-1,12pm-6am)
                (.LO, .L, .UP, .M = 0, 0, +INF, 0)
        1       st(type-1,12pm-6am)
    -2000       cdef

s(type-1,6am-9am)
                (.LO, .L, .UP, .M = 0, 0, +INF, 0)
        1       st(type-1,6am-9am)
    -2000       cdef

s(type-1,9am-3pm)
                (.LO, .L, .UP, .M = 0, 0, +INF, 0)
        1       st(type-1,9am-3pm)
    -2000       cdef

REMAINING 12 ENTRIES SKIPPED

---- k  number of generators built

k(type-1)
                (.LO, .L, .UP, .M = -INF, 0, +INF, 0)
       -1       totcap(type-1,12pm-6am)
       -1       totcap(type-1,6am-9am)
       -1       totcap(type-1,9am-3pm)
       -1       totcap(type-1,3pm-6pm)
       -1       totcap(type-1,6pm-12pm)
        0.5     totcap2(type-1)
       -0.5     totcap2(type-2)
       -0.5     totcap2(type-3)
  -1.000000E+6  cdef

k(type-2)
                (.LO, .L, .UP, .M = -INF, 0, +INF, 0)
       -1       totcap(type-2,12pm-6am)
       -1       totcap(type-2,6am-9am)
       -1       totcap(type-2,9am-3pm)
       -1       totcap(type-2,3pm-6pm)
       -1       totcap(type-2,6pm-12pm)
       -0.5     totcap2(type-1)
        0.5     totcap2(type-2)
       -0.5     totcap2(type-3)
  -1.200000E+6  cdef

GAMS Rev 240  WEX-VS8 24.0.2 x86/MS Windows                                                                                                                                                                                           01/10/19 15:10:19 Page 11
M A G I C   Power Scheduling Problem   (MAGIC,SEQ=12)
Column Listing      SOLVE william Using LP From line 144


     k  number of generators built

k(type-3)
                (.LO, .L, .UP, .M = -INF, 0, +INF, 0)
       -1       totcap(type-3,12pm-6am)
       -1       totcap(type-3,6am-9am)
       -1       totcap(type-3,9am-3pm)
       -1       totcap(type-3,3pm-6pm)
       -1       totcap(type-3,6pm-12pm)
       -0.5     totcap2(type-1)
       -0.5     totcap2(type-2)
        0.5     totcap2(type-3)
  -2.000000E+6  cdef


---- cost  total operating cost (¤)

cost
                (.LO, .L, .UP, .M = -INF, 0, +INF, 0)
        1       cdef

GAMS Rev 240  WEX-VS8 24.0.2 x86/MS Windows                                                                                                                                                                                           01/10/19 15:10:19 Page 12
M A G I C   Power Scheduling Problem   (MAGIC,SEQ=12)
Model Statistics    SOLVE william Using LP From line 144


MODEL STATISTICS

BLOCKS OF EQUATIONS           8     SINGLE EQUATIONS           74
BLOCKS OF VARIABLES           5     SINGLE VARIABLES           49
NON ZERO ELEMENTS           223


GENERATION TIME      =        0.016 SECONDS      4 Mb  WIN240-240 Feb 14, 2013


EXECUTION TIME       =        0.016 SECONDS      4 Mb  WIN240-240 Feb 14, 2013
GAMS Rev 240  WEX-VS8 24.0.2 x86/MS Windows                                                                                                                                                                                           01/10/19 15:10:19 Page 13
M A G I C   Power Scheduling Problem   (MAGIC,SEQ=12)
Solution Report     SOLVE william Using LP From line 144


               S O L V E      S U M M A R Y

     MODEL   william             OBJECTIVE  cost
     TYPE    LP                  DIRECTION  MINIMIZE
     SOLVER  CPLEX               FROM LINE  144

**** SOLVER STATUS     1 Normal Completion         
**** MODEL STATUS      1 Optimal                   
**** OBJECTIVE VALUE         24146205.5556

 RESOURCE USAGE, LIMIT          0.000      1000.000
 ITERATION COUNT, LIMIT        52    2000000000

IBM ILOG CPLEX   Feb 14, 2013 24.0.2 WIN 38380.38394 VS8 x86/MS Windows       
Cplex 12.5.0.0

LP status(1): optimal
Cplex Time: 0.00sec (det. 0.22 ticks)
Optimal solution found.
Objective :    24146205.555556


---- EQU pow  demand for power (1000MW)

                LOWER          LEVEL          UPPER         MARGINAL

12pm-6am        15.0000        15.0000        +INF        11666.6667      
6am-9am         30.0000        30.0000        +INF         9000.0000      
9am-3pm         25.0000        25.0000        +INF        12000.0000      
3pm-6pm         40.0000        40.0000        +INF         9000.0000      
6pm-12pm        27.0000        27.0000        +INF        18000.0000      

---- EQU res  spinning reserve requirements (1000MW)

                LOWER          LEVEL          UPPER         MARGINAL

12pm-6am        17.2500        37.9556        +INF             .          
6am-9am         34.5000        46.0000        +INF             .          
9am-3pm         28.7500        46.0000        +INF             .          
3pm-6pm         46.0000        46.0000        +INF       490330.5556      
6pm-12pm        31.0500        46.0000        +INF             .          

---- EQU st  start-up definition

                       LOWER          LEVEL          UPPER         MARGINAL

type-1.12pm-6am          .              .            +INF             .          
type-1.6am-9am           .              .            +INF             .          
type-1.9am-3pm           .              .            +INF             .          
type-1.3pm-6pm           .              .            +INF             .          
type-1.6pm-12pm          .              .            +INF             .          
type-2.12pm-6am          .              .            +INF             .          
type-2.6am-9am           .              .            +INF         1000.0000      
GAMS Rev 240  WEX-VS8 24.0.2 x86/MS Windows                                                                                                                                                                                           01/10/19 15:10:19 Page 14
M A G I C   Power Scheduling Problem   (MAGIC,SEQ=12)
Solution Report     SOLVE william Using LP From line 144


     EQU st  start-up definition

                       LOWER          LEVEL          UPPER         MARGINAL

type-2.9am-3pm           .              .            +INF         1000.0000      
type-2.3pm-6pm           .              .            +INF             .          
type-2.6pm-12pm          .              .            +INF             .          
type-3.12pm-6am          .             2.0111        +INF             .          
type-3.6am-9am           .              .            +INF          500.0000      
type-3.9am-3pm           .              .            +INF             .          
type-3.3pm-6pm           .              .            +INF            EPS         
type-3.6pm-12pm          .              .            +INF          500.0000      

---- EQU minu  minimum generation level (1000MW)

                       LOWER          LEVEL          UPPER         MARGINAL

type-1.12pm-6am          .              .            +INF          333.3333      
type-1.6am-9am           .             8.8167        +INF             .          
type-1.9am-3pm           .             6.9833        +INF             .          
type-1.3pm-6pm           .             8.8167        +INF             .          
type-1.6pm-12pm          .             8.8167        +INF             .          
type-2.12pm-6am          .              .            +INF             .          
type-2.6am-9am           .              .            +INF             .          
type-2.9am-3pm           .              .            +INF             .          
type-2.3pm-6pm           .              .            +INF             .          
type-2.6pm-12pm          .              .            +INF             .          
type-3.12pm-6am          .              .            +INF         6333.3333      
type-3.6am-9am           .             3.1667        +INF             .          
type-3.9am-3pm           .              .            +INF         6000.0000      
type-3.3pm-6pm           .            13.1667        +INF             .          
type-3.6pm-12pm          .             0.1667        +INF             .          

---- EQU maxu  maximum generation level (1000MW)

                       LOWER          LEVEL          UPPER         MARGINAL

type-1.12pm-6am        -INF           -8.8167          .              .          
type-1.6am-9am         -INF             .              .         -3000.0000      
type-1.9am-3pm         -INF           -1.8333          .              .          
type-1.3pm-6pm         -INF             .              .         -3000.0000      
type-1.6pm-12pm        -INF             .              .         -6000.0000      
type-2.12pm-6am        -INF             .              .         -3866.6667      
type-2.6am-9am         -INF             .              .         -5100.0000      
type-2.9am-3pm         -INF             .              .         -4200.0000      
type-2.3pm-6pm         -INF             .              .         -5100.0000      
type-2.6pm-12pm        -INF             .              .        -10200.0000      
type-3.12pm-6am        -INF          -14.1389          .              .          
type-3.6am-9am         -INF          -16.0000          .              .          
type-3.9am-3pm         -INF          -19.1667          .              .          
type-3.3pm-6pm         -INF           -6.0000          .              .          
type-3.6pm-12pm        -INF          -19.0000          .              .          
GAMS Rev 240  WEX-VS8 24.0.2 x86/MS Windows                                                                                                                                                                                           01/10/19 15:10:19 Page 15
M A G I C   Power Scheduling Problem   (MAGIC,SEQ=12)
Solution Report     SOLVE william Using LP From line 144


---- EQU totcap  total generation capacity

                       LOWER          LEVEL          UPPER         MARGINAL

type-1.12pm-6am        -INF             .              .         -3916.6667      
type-1.6am-9am         -INF             .              .         -8100.0000      
type-1.9am-3pm         -INF             .              .         -4200.0000      
type-1.3pm-6pm         -INF             .              .       -988761.1111      
type-1.6pm-12pm        -INF             .              .        -16200.0000      
type-2.12pm-6am        -INF             .              .         -1916.6667      
type-2.6am-9am         -INF             .              .         -6000.0000      
type-2.9am-3pm         -INF             .              .          -500.0000      
type-2.3pm-6pm         -INF             .              .       -864078.4722      
type-2.6pm-12pm        -INF             .              .        -12000.0000      
type-3.12pm-6am        -INF           -2.0111          .              .          
type-3.6am-9am         -INF             .              .         -4000.0000      
type-3.9am-3pm         -INF             .              .              .          
type-3.3pm-6pm         -INF             .              .       -1.966322E+6      
type-3.6pm-12pm        -INF             .              .         -8500.0000      

---- EQU totcap2  distribute investments

              LOWER          LEVEL          UPPER         MARGINAL

type-1        -INF             .              .       -336682.6389      
type-2        -INF           -7.6667          .              .          
type-3        -INF             .              .       -294327.0833      

                           LOWER          LEVEL          UPPER         MARGINAL

---- EQU cdef                .              .              .             1.0000      

  cdef  cost definition (¤)

---- VAR x  generator output (1000MW)

                       LOWER          LEVEL          UPPER         MARGINAL

type-1.12pm-6am        -INF            6.5167        +INF             .          
type-1.6am-9am         -INF           15.3333        +INF             .          
type-1.9am-3pm         -INF           13.5000        +INF             .          
type-1.3pm-6pm         -INF           15.3333        +INF             .          
type-1.6pm-12pm        -INF           15.3333        +INF             .          
type-2.12pm-6am        -INF             .            +INF             .          
type-2.6am-9am         -INF             .            +INF             .          
type-2.9am-3pm         -INF             .            +INF             .          
type-2.3pm-6pm         -INF             .            +INF             .          
type-2.6pm-12pm        -INF             .            +INF             .          
type-3.12pm-6am        -INF            8.4833        +INF             .          
type-3.6am-9am         -INF           14.6667        +INF             .          
type-3.9am-3pm         -INF           11.5000        +INF             .          
type-3.3pm-6pm         -INF           24.6667        +INF             .          
type-3.6pm-12pm        -INF           11.6667        +INF             .          
GAMS Rev 240  WEX-VS8 24.0.2 x86/MS Windows                                                                                                                                                                                           01/10/19 15:10:19 Page 16
M A G I C   Power Scheduling Problem   (MAGIC,SEQ=12)
Solution Report     SOLVE william Using LP From line 144


---- VAR n  number of generators in use

                       LOWER          LEVEL          UPPER         MARGINAL

type-1.12pm-6am        -INF            7.6667        +INF             .          
type-1.6am-9am         -INF            7.6667        +INF             .          
type-1.9am-3pm         -INF            7.6667        +INF             .          
type-1.3pm-6pm         -INF            7.6667        +INF             .          
type-1.6pm-12pm        -INF            7.6667        +INF             .          
type-2.12pm-6am        -INF             .            +INF             .          
type-2.6am-9am         -INF             .            +INF             .          
type-2.9am-3pm         -INF             .            +INF             .          
type-2.3pm-6pm         -INF             .            +INF             .          
type-2.6pm-12pm        -INF             .            +INF             .          
type-3.12pm-6am        -INF            5.6556        +INF             .          
type-3.6am-9am         -INF            7.6667        +INF             .          
type-3.9am-3pm         -INF            7.6667        +INF             .          
type-3.3pm-6pm         -INF            7.6667        +INF             .          
type-3.6pm-12pm        -INF            7.6667        +INF             .          

---- VAR s  number of generators started up

                       LOWER          LEVEL          UPPER         MARGINAL

type-1.12pm-6am          .              .            +INF         2000.0000      
type-1.6am-9am           .              .            +INF         2000.0000      
type-1.9am-3pm           .              .            +INF         2000.0000      
type-1.3pm-6pm           .              .            +INF         2000.0000      
type-1.6pm-12pm          .              .            +INF         2000.0000      
type-2.12pm-6am          .              .            +INF         1000.0000      
type-2.6am-9am           .              .            +INF             .          
type-2.9am-3pm           .              .            +INF             .          
type-2.3pm-6pm           .              .            +INF         1000.0000      
type-2.6pm-12pm          .              .            +INF         1000.0000      
type-3.12pm-6am          .              .            +INF          500.0000      
type-3.6am-9am           .             2.0111        +INF             .          
type-3.9am-3pm           .              .            +INF          500.0000      
type-3.3pm-6pm           .              .            +INF          500.0000      
type-3.6pm-12pm          .              .            +INF             .          

---- VAR k  number of generators built

              LOWER          LEVEL          UPPER         MARGINAL

type-1        -INF            7.6667        +INF             .          
type-2        -INF             .            +INF             .          
type-3        -INF            7.6667        +INF             .          

                           LOWER          LEVEL          UPPER         MARGINAL

---- VAR cost              -INF      2.4146206E+7        +INF             .          

  cost  total operating cost (¤)
GAMS Rev 240  WEX-VS8 24.0.2 x86/MS Windows                                                                                                                                                                                           01/10/19 15:10:19 Page 17
M A G I C   Power Scheduling Problem   (MAGIC,SEQ=12)
Solution Report     SOLVE william Using LP From line 144


**** REPORT SUMMARY :        0     NONOPT
                             0 INFEASIBLE
                             0  UNBOUNDED
GAMS Rev 240  WEX-VS8 24.0.2 x86/MS Windows                                                                                                                                                                                           01/10/19 15:10:19 Page 18
M A G I C   Power Scheduling Problem   (MAGIC,SEQ=12)
E x e c u t i o n


----    154 PARAMETER rep  summary report

              demand    spinning   start-ups      m-cost

12pm-6am      15.000      37.956                  -1.944
6am-9am       30.000      46.000       2.011      -3.000
9am-3pm       25.000      46.000                  -2.000
3pm-6pm       40.000      46.000                  -3.000
6pm-12pm      27.000      46.000                  -3.000



EXECUTION TIME       =        0.016 SECONDS      3 Mb  WIN240-240 Feb 14, 2013


USER: Energy Systems                                 W120511:1343CP-WIN
      VTT Energy                                                 DC1884


**** FILE SUMMARY

Input      C:\data\GIT\SPINETOOLBOX\tool_specifications\magic\magic.gms
Output     C:\data\GIT\SPINETOOLBOX\tool_specifications\magic\magic.lst
